// Bun Snapshot v1, https://goo.gl/fbAQLP

exports[`it can extract results 1`] = `
[
  [
    "Movies",
    {
      "fieldName": "numberOfPets",
      "queryName": "AllMovies",
      "recordPath": [
        "actors",
      ],
    },
  ],
  [
    "Movies",
    {
      "fieldName": "title",
      "queryName": "AllMovies",
      "recordPath": undefined,
    },
  ],
  [
    "Movies",
    {
      "fieldName": "name",
      "queryName": "MovieByTitle",
      "recordPath": [
        "actors",
      ],
    },
  ],
  [
    "Movies",
    {
      "fieldName": "id",
      "queryName": "MovieByTitle",
      "recordPath": undefined,
    },
  ],
]
`;
